nks-MBP:git_practice franklassandrello$ cd ..
Franks-MBP:desktop franklassandrello$ mkdir GitHubRepoAssignment
Franks-MBP:desktop franklassandrello$ cd GitHubRepoAssignment
Franks-MBP:GitHubRepoAssignment franklassandrello$ git init
Initialized empty Git repository in /Users/franklassandrello/Desktop/GitHubRepoAssignment/.git/
Franks-MBP:GitHubRepoAssignment franklassandrello$ touch readme.md
Franks-MBP:GitHubRepoAssignment franklassandrello$ git status
On branch master

Initial commit

Untracked files:
  (use "git add <file>..." to include in what will be committed)

	readme.md

nothing added to commit but untracked files present (use "git add" to track)
Franks-MBP:GitHubRepoAssignment franklassandrello$ git add .
Franks-MBP:GitHubRepoAssignment franklassandrello$ git commit -m "added readme.md file"
[master (root-commit) 60d30b2] added readme.md file
 1 file changed, 0 insertions(+), 0 deletions(-)
 create mode 100644 readme.md
Franks-MBP:GitHubRepoAssignment franklassandrello$ git status
On branch master
nothing to commit, working tree clean
Franks-MBP:GitHubRepoAssignment franklassandrello$ touch GitHubRepoAssignment.txt
Franks-MBP:GitHubRepoAssignment franklassandrello$ 
